


ARM Macro Assembler    Page 1 


    1 00000000         
    2 00000000 4001800C 
                       Prescaler
                               equ              0X4001800C
    3 00000000 40018018 
                       Match0  equ              0X40018018
    4 00000000 4001801C 
                       Match1  equ              0X4001801C
    5 00000000 40018020 
                       Match2  equ              0X40018020
    6 00000000 400FC0C4 
                       Pconp   equ              0x400FC0C4
    7 00000000 40034000 
                       Adcr0   equ              0x40034000
    8 00000000 40034004 
                       Adgr    equ              0x40034004
    9 00000000 40018004 
                       Tcr     equ              0x40018004
   10 00000000 400FC1A8 
                       PclkSel0
                               equ              0x400FC1A8
   11 00000000 40018070 
                       CounterTimercr
                               equ              0x40018070  ;selects either tim
                                                            er or counter
   12 00000000 40018050 
                       LoadEnabler
                               equ              0X40018050  ; enables pwm match
                                                             registers
   13 00000000 40018014 
                       Matchcr equ              0x40018014
   14 00000000 4001804C 
                       PWMcr   equ              0x4001804C
   15 00000000         
   16 00000000         
   17 00000000         
   18 00000000         ;Pin select register
   19 00000000 4002C000 
                       PinSel0 equ              0x4002C000
   20 00000000 4002C004 
                       PinSel1 equ              0x4002C004
   21 00000000 4002C008 
                       PinSel2 equ              0x4002C008
   22 00000000 4002C00C 
                       PinSel3 equ              0x4002C00C
   23 00000000 4002C010 
                       PinSel4 equ              0x4002C010
   24 00000000 4002C01C 
                       PinSel7 equ              0x4002C01C
   25 00000000 4002C020 
                       PinSel8 equ              0x4002C020
   26 00000000 4002C024 
                       PinSel9 equ              0x4002C024
   27 00000000 4002C028 
                       PinSel10
                               equ              0x4002C028
   28 00000000         
   29 00000000         
   30 00000000         ;This acts like a DDR



ARM Macro Assembler    Page 2 


   31 00000000 2009C000 
                       DDR0    equ              0x2009C000
   32 00000000 2009C020 
                       DDR1    equ              0x2009C020
   33 00000000 2009C040 
                       DDR2    equ              0x2009C040
   34 00000000 2009C060 
                       DDR3    equ              0x2009C060
   35 00000000 2009C080 
                       DDR4    equ              0x2009C080
   36 00000000         
   37 00000000         
   38 00000000         
   39 00000000         ;This acts like PORT
   40 00000000 2009C014 
                       Port0   equ              0x2009C014
   41 00000000 2009C034 
                       Port1   equ              0x2009C034
   42 00000000 2009C054 
                       Port2   equ              0x2009C054
   43 00000000 2009C074 
                       Port3   equ              0x2009C074
   44 00000000 2009C094 
                       Port4   equ              0x2009C094
   45 00000000         
   46 00000000         
   47 00000000         ;This sets the built in pull up resistor
   48 00000000 4002C040 
                       PinMode0
                               equ              0x4002C040
   49 00000000 4002C044 
                       PinMode1
                               equ              0x4002C044
   50 00000000 4002C048 
                       PinMode2
                               equ              0x4002C048
   51 00000000 4002C04C 
                       PinMode3
                               equ              0x4002C04C
   52 00000000 4002C050 
                       PinMode4
                               equ              0x4002C050
   53 00000000 4002C054 
                       PinMode5
                               equ              0x4002C054
   54 00000000 4002C058 
                       PinMode6
                               equ              0x4002C058
   55 00000000 4002C05C 
                       PinMode7
                               equ              0x4002C05C
   56 00000000 4002C060 
                       PinMode8
                               equ              0x4002C060
   57 00000000 4002C064 
                       PinMode9
                               equ              0x4002C064
   58 00000000         
   59 00000000         



ARM Macro Assembler    Page 3 


   60 00000000         
   61 00000000         
   62 00000000                 MACRO
   63 00000000                 WRITEBITS        $BITS_TO_WRITE,$REGISTER_ADDY
   64 00000000                 MOV              R1,$BITS_TO_WRITE
   65 00000000                 LDR              R0,=$REGISTER_ADDY
   66 00000000                 STR              R1,[R0]
   67 00000000                 MEND
   68 00000000         
   69 00000000                 MACRO
   70 00000000                 SETBITS          $BITS_TO_SET,$REG_ADDY
   71 00000000                 LDR              R0,=$REG_ADDY
   72 00000000                 LDR              R1,[R0]
   73 00000000                 ORR              R1,R1,$BITS_TO_SET
   74 00000000                 STR              R1,[R0]
   75 00000000                 MEND
   76 00000000         
   77 00000000                 MACRO                        ;ME SMASHY R0,R1.
   78 00000000                 CLEARBITS        $BITS_TO_CLEAR,$REG_ADDY
   79 00000000                 LDR              R0,=$REG_ADDY
   80 00000000                 LDR              R1,[R0]
   81 00000000                 BIC              R1,R1,$BITS_TO_CLEAR
   82 00000000                 STR              R1,[R0]
   83 00000000                 MEND
   84 00000000         
   85 00000000         
   86 00000000         
   87 00000000         ;Not used
   88 00000000 2009C018 
                       FIOSET0 equ              0x2009C018
   89 00000000 2009C038 
                       FIOSET1 equ              0x2009C038
   90 00000000 2009C058 
                       FIOSET2 equ              0x2009C058
   91 00000000 2009C078 
                       FIOSET3 equ              0x2009C078
   92 00000000 2009C098 
                       FIOSET4 equ              0x2009C098
   93 00000000         
   94 00000000 2009C01C 
                       FIOCLR0 equ              0x2009C01C
   95 00000000 2009C03C 
                       FIOCLR1 equ              0x2009C03C
   96 00000000 2009C05C 
                       FIOCLR2 equ              0x2009C05C
   97 00000000 2009C07C 
                       FIOCLR3 equ              0x2009C07C
   98 00000000 2009C09C 
                       FIOCLR4 equ              0x2009C09C
   99 00000000         
  100 00000000         ;AREA DATAAREA, DATA ; HEY, ASSEMBLER: GIMME 16 bytes SP
                       ACE IN DATA MEMORY
  101 00000000         
  102 00000000                 END
Command Line: --debug --xref --diag_suppress=9931 --cpu=Cortex-M3 --apcs=interw
ork --depend=.\objects\include.d -o.\objects\include.o -IC:\Users\cwkte_000\Doc
uments\cs100-tank\RTE -IC:\Users\cwkte_000\Documents\cs100-tank\RTE\Device\LPC1
769 -IC:\Keil_v5\ARM\PACK\ARM\CMSIS\4.4.0\CMSIS\Include -IC:\Keil_v5\ARM\PACK\K
eil\LPC1700_DFP\2.1.0\Device\Include --predefine="__EVAL SETA 1" --predefine="_



ARM Macro Assembler    Page 4 


_UVISION_VERSION SETA 516" --predefine="_RTE_ SETA 1" --predefine="LPC175x_6x S
ETA 1" --list=.\listings\include.lst include.s



ARM Macro Assembler    Page 1 Alphabetic symbol ordering
Absolute symbols

Adcr0 40034000

Symbol: Adcr0
   Definitions
      At line 7 in file include.s
   Uses
      None
Comment: Adcr0 unused
Adgr 40034004

Symbol: Adgr
   Definitions
      At line 8 in file include.s
   Uses
      None
Comment: Adgr unused
CounterTimercr 40018070

Symbol: CounterTimercr
   Definitions
      At line 11 in file include.s
   Uses
      None
Comment: CounterTimercr unused
DDR0 2009C000

Symbol: DDR0
   Definitions
      At line 31 in file include.s
   Uses
      None
Comment: DDR0 unused
DDR1 2009C020

Symbol: DDR1
   Definitions
      At line 32 in file include.s
   Uses
      None
Comment: DDR1 unused
DDR2 2009C040

Symbol: DDR2
   Definitions
      At line 33 in file include.s
   Uses
      None
Comment: DDR2 unused
DDR3 2009C060

Symbol: DDR3
   Definitions
      At line 34 in file include.s
   Uses
      None
Comment: DDR3 unused
DDR4 2009C080

Symbol: DDR4



ARM Macro Assembler    Page 2 Alphabetic symbol ordering
Absolute symbols

   Definitions
      At line 35 in file include.s
   Uses
      None
Comment: DDR4 unused
FIOCLR0 2009C01C

Symbol: FIOCLR0
   Definitions
      At line 94 in file include.s
   Uses
      None
Comment: FIOCLR0 unused
FIOCLR1 2009C03C

Symbol: FIOCLR1
   Definitions
      At line 95 in file include.s
   Uses
      None
Comment: FIOCLR1 unused
FIOCLR2 2009C05C

Symbol: FIOCLR2
   Definitions
      At line 96 in file include.s
   Uses
      None
Comment: FIOCLR2 unused
FIOCLR3 2009C07C

Symbol: FIOCLR3
   Definitions
      At line 97 in file include.s
   Uses
      None
Comment: FIOCLR3 unused
FIOCLR4 2009C09C

Symbol: FIOCLR4
   Definitions
      At line 98 in file include.s
   Uses
      None
Comment: FIOCLR4 unused
FIOSET0 2009C018

Symbol: FIOSET0
   Definitions
      At line 88 in file include.s
   Uses
      None
Comment: FIOSET0 unused
FIOSET1 2009C038

Symbol: FIOSET1
   Definitions
      At line 89 in file include.s
   Uses



ARM Macro Assembler    Page 3 Alphabetic symbol ordering
Absolute symbols

      None
Comment: FIOSET1 unused
FIOSET2 2009C058

Symbol: FIOSET2
   Definitions
      At line 90 in file include.s
   Uses
      None
Comment: FIOSET2 unused
FIOSET3 2009C078

Symbol: FIOSET3
   Definitions
      At line 91 in file include.s
   Uses
      None
Comment: FIOSET3 unused
FIOSET4 2009C098

Symbol: FIOSET4
   Definitions
      At line 92 in file include.s
   Uses
      None
Comment: FIOSET4 unused
LoadEnabler 40018050

Symbol: LoadEnabler
   Definitions
      At line 12 in file include.s
   Uses
      None
Comment: LoadEnabler unused
Match0 40018018

Symbol: Match0
   Definitions
      At line 3 in file include.s
   Uses
      None
Comment: Match0 unused
Match1 4001801C

Symbol: Match1
   Definitions
      At line 4 in file include.s
   Uses
      None
Comment: Match1 unused
Match2 40018020

Symbol: Match2
   Definitions
      At line 5 in file include.s
   Uses
      None
Comment: Match2 unused
Matchcr 40018014



ARM Macro Assembler    Page 4 Alphabetic symbol ordering
Absolute symbols


Symbol: Matchcr
   Definitions
      At line 13 in file include.s
   Uses
      None
Comment: Matchcr unused
PWMcr 4001804C

Symbol: PWMcr
   Definitions
      At line 14 in file include.s
   Uses
      None
Comment: PWMcr unused
PclkSel0 400FC1A8

Symbol: PclkSel0
   Definitions
      At line 10 in file include.s
   Uses
      None
Comment: PclkSel0 unused
Pconp 400FC0C4

Symbol: Pconp
   Definitions
      At line 6 in file include.s
   Uses
      None
Comment: Pconp unused
PinMode0 4002C040

Symbol: PinMode0
   Definitions
      At line 48 in file include.s
   Uses
      None
Comment: PinMode0 unused
PinMode1 4002C044

Symbol: PinMode1
   Definitions
      At line 49 in file include.s
   Uses
      None
Comment: PinMode1 unused
PinMode2 4002C048

Symbol: PinMode2
   Definitions
      At line 50 in file include.s
   Uses
      None
Comment: PinMode2 unused
PinMode3 4002C04C

Symbol: PinMode3
   Definitions



ARM Macro Assembler    Page 5 Alphabetic symbol ordering
Absolute symbols

      At line 51 in file include.s
   Uses
      None
Comment: PinMode3 unused
PinMode4 4002C050

Symbol: PinMode4
   Definitions
      At line 52 in file include.s
   Uses
      None
Comment: PinMode4 unused
PinMode5 4002C054

Symbol: PinMode5
   Definitions
      At line 53 in file include.s
   Uses
      None
Comment: PinMode5 unused
PinMode6 4002C058

Symbol: PinMode6
   Definitions
      At line 54 in file include.s
   Uses
      None
Comment: PinMode6 unused
PinMode7 4002C05C

Symbol: PinMode7
   Definitions
      At line 55 in file include.s
   Uses
      None
Comment: PinMode7 unused
PinMode8 4002C060

Symbol: PinMode8
   Definitions
      At line 56 in file include.s
   Uses
      None
Comment: PinMode8 unused
PinMode9 4002C064

Symbol: PinMode9
   Definitions
      At line 57 in file include.s
   Uses
      None
Comment: PinMode9 unused
PinSel0 4002C000

Symbol: PinSel0
   Definitions
      At line 19 in file include.s
   Uses
      None



ARM Macro Assembler    Page 6 Alphabetic symbol ordering
Absolute symbols

Comment: PinSel0 unused
PinSel1 4002C004

Symbol: PinSel1
   Definitions
      At line 20 in file include.s
   Uses
      None
Comment: PinSel1 unused
PinSel10 4002C028

Symbol: PinSel10
   Definitions
      At line 27 in file include.s
   Uses
      None
Comment: PinSel10 unused
PinSel2 4002C008

Symbol: PinSel2
   Definitions
      At line 21 in file include.s
   Uses
      None
Comment: PinSel2 unused
PinSel3 4002C00C

Symbol: PinSel3
   Definitions
      At line 22 in file include.s
   Uses
      None
Comment: PinSel3 unused
PinSel4 4002C010

Symbol: PinSel4
   Definitions
      At line 23 in file include.s
   Uses
      None
Comment: PinSel4 unused
PinSel7 4002C01C

Symbol: PinSel7
   Definitions
      At line 24 in file include.s
   Uses
      None
Comment: PinSel7 unused
PinSel8 4002C020

Symbol: PinSel8
   Definitions
      At line 25 in file include.s
   Uses
      None
Comment: PinSel8 unused
PinSel9 4002C024




ARM Macro Assembler    Page 7 Alphabetic symbol ordering
Absolute symbols

Symbol: PinSel9
   Definitions
      At line 26 in file include.s
   Uses
      None
Comment: PinSel9 unused
Port0 2009C014

Symbol: Port0
   Definitions
      At line 40 in file include.s
   Uses
      None
Comment: Port0 unused
Port1 2009C034

Symbol: Port1
   Definitions
      At line 41 in file include.s
   Uses
      None
Comment: Port1 unused
Port2 2009C054

Symbol: Port2
   Definitions
      At line 42 in file include.s
   Uses
      None
Comment: Port2 unused
Port3 2009C074

Symbol: Port3
   Definitions
      At line 43 in file include.s
   Uses
      None
Comment: Port3 unused
Port4 2009C094

Symbol: Port4
   Definitions
      At line 44 in file include.s
   Uses
      None
Comment: Port4 unused
Prescaler 4001800C

Symbol: Prescaler
   Definitions
      At line 2 in file include.s
   Uses
      None
Comment: Prescaler unused
Tcr 40018004

Symbol: Tcr
   Definitions
      At line 9 in file include.s



ARM Macro Assembler    Page 8 Alphabetic symbol ordering
Absolute symbols

   Uses
      None
Comment: Tcr unused
52 symbols
386 symbols in table
